Removed Pin From Net: NetName=CH20 Pin=J3-1
Removed Pin From Net: NetName=CH19 Pin=J3-2
Removed Pin From Net: NetName=CH18 Pin=J3-3
Removed Pin From Net: NetName=CH17 Pin=J3-4
Removed Pin From Net: NetName=CH16 Pin=J3-5
Removed Pin From Net: NetName=CH15 Pin=J3-6
Removed Pin From Net: NetName=CH14 Pin=J3-7
Removed Pin From Net: NetName=CH13 Pin=J3-8
Removed Pin From Net: NetName=CH12 Pin=J3-9
Removed Pin From Net: NetName=CH11 Pin=J3-10
Removed Pin From Net: NetName=CH10 Pin=J3-11
Removed Pin From Net: NetName=CH9 Pin=J3-12
Removed Pin From Net: NetName=CH8 Pin=J3-13
Removed Pin From Net: NetName=CH7 Pin=J3-14
Removed Pin From Net: NetName=CH6 Pin=J3-15
Removed Pin From Net: NetName=CH5 Pin=J3-16
Removed Pin From Net: NetName=CH4 Pin=J3-17
Removed Pin From Net: NetName=CH3 Pin=J3-18
Removed Pin From Net: NetName=CH2 Pin=J3-19
Removed Pin From Net: NetName=CH1 Pin=J3-20
Removed Pin From Net: NetName=-5 Pin=J3-21
Removed Pin From Net: NetName=-5 Pin=J3-22
Removed Pin From Net: NetName=-5 Pin=J3-23
Removed Pin From Net: NetName=-5 Pin=J3-24
Removed Pin From Net: NetName=-5 Pin=J3-25
Removed Pin From Net: NetName=-5 Pin=J3-26
Removed Pin From Net: NetName=-5 Pin=J3-27
Removed Pin From Net: NetName=-5 Pin=J3-28
Removed Pin From Net: NetName=-5 Pin=J3-29
Removed Pin From Net: NetName=-5 Pin=J3-30
Removed Pin From Net: NetName=-5 Pin=J3-31
Removed Pin From Net: NetName=-5 Pin=J3-32
Removed Pin From Net: NetName=-5 Pin=J3-33
Removed Pin From Net: NetName=-5 Pin=J3-34
Removed Pin From Net: NetName=-5 Pin=J3-35
Removed Pin From Net: NetName=-5 Pin=J3-36
Removed Pin From Net: NetName=-5 Pin=J3-37
Removed Pin From Net: NetName=-5 Pin=J3-38
Removed Pin From Net: NetName=-5 Pin=J3-39
Removed Pin From Net: NetName=-5 Pin=J3-40
Change Component Designator: OldDesignator=J4 NewDesignator=J6
Change Component Designator: OldDesignator=J5 NewDesignator=J7
Change Component Designator: OldDesignator=J6 NewDesignator=J8
Added Component: Designator=J3(SIP7*2)
Added Component: Designator=J4(SIP7*2)
Added Component: Designator=J5(SIP6*2)
Added Pin To Net: NetName=-5 Pin=J3-1
Added Pin To Net: NetName=CH8 Pin=J3-2
Added Pin To Net: NetName=-5 Pin=J3-3
Added Pin To Net: NetName=CH9 Pin=J3-4
Added Pin To Net: NetName=-5 Pin=J3-5
Added Pin To Net: NetName=CH10 Pin=J3-6
Added Pin To Net: NetName=-5 Pin=J3-7
Added Pin To Net: NetName=CH11 Pin=J3-8
Added Pin To Net: NetName=-5 Pin=J3-9
Added Pin To Net: NetName=CH12 Pin=J3-10
Added Pin To Net: NetName=-5 Pin=J3-11
Added Pin To Net: NetName=CH13 Pin=J3-12
Added Pin To Net: NetName=-5 Pin=J3-13
Added Pin To Net: NetName=CH14 Pin=J3-14
Added Pin To Net: NetName=-5 Pin=J4-1
Added Pin To Net: NetName=CH8 Pin=J4-2
Added Pin To Net: NetName=-5 Pin=J4-3
Added Pin To Net: NetName=CH9 Pin=J4-4
Added Pin To Net: NetName=-5 Pin=J4-5
Added Pin To Net: NetName=CH10 Pin=J4-6
Added Pin To Net: NetName=-5 Pin=J4-7
Added Pin To Net: NetName=CH11 Pin=J4-8
Added Pin To Net: NetName=-5 Pin=J4-9
Added Pin To Net: NetName=CH12 Pin=J4-10
Added Pin To Net: NetName=-5 Pin=J4-11
Added Pin To Net: NetName=CH13 Pin=J4-12
Added Pin To Net: NetName=-5 Pin=J4-13
Added Pin To Net: NetName=CH14 Pin=J4-14
Added Pin To Net: NetName=-5 Pin=J5-1
Added Pin To Net: NetName=CH8 Pin=J5-2
Added Pin To Net: NetName=-5 Pin=J5-3
Added Pin To Net: NetName=CH9 Pin=J5-4
Added Pin To Net: NetName=-5 Pin=J5-5
Added Pin To Net: NetName=CH10 Pin=J5-6
Added Pin To Net: NetName=-5 Pin=J5-7
Added Pin To Net: NetName=CH11 Pin=J5-8
Added Pin To Net: NetName=-5 Pin=J5-9
Added Pin To Net: NetName=CH12 Pin=J5-10
Added Pin To Net: NetName=-5 Pin=J5-11
Added Pin To Net: NetName=CH13 Pin=J5-12
Added Member To Class: ClassName=Circuito Member=Component J7 MOLEX3
Added Member To Class: ClassName=Circuito Member=Component J8 MOLEX3
