Added Component: Designator=U4(CD4051)
Added Component: Designator=U5(CD4051)
Added Component: Designator=U6(CD4051)
Added Pin To Net: NetName=CH5 Pin=U4-1
Added Pin To Net: NetName=CH7 Pin=U4-2
Added Pin To Net: NetName=NetC11_1 Pin=U4-3
Added Pin To Net: NetName=GND Pin=U4-4
Added Pin To Net: NetName=CH6 Pin=U4-5
Added Pin To Net: NetName=GND Pin=U4-6
Added Pin To Net: NetName=-5 Pin=U4-7
Added Pin To Net: NetName=GND Pin=U4-8
Added Pin To Net: NetName=IN_C Pin=U4-9
Added Pin To Net: NetName=IN_B Pin=U4-10
Added Pin To Net: NetName=IN_A Pin=U4-11
Added Pin To Net: NetName=CH4 Pin=U4-12
Added Pin To Net: NetName=CH1 Pin=U4-13
Added Pin To Net: NetName=CH2 Pin=U4-14
Added Pin To Net: NetName=CH3 Pin=U4-15
Added Pin To Net: NetName=+5 Pin=U4-16
Added Pin To Net: NetName=CH12 Pin=U5-1
Added Pin To Net: NetName=CH14 Pin=U5-2
Added Pin To Net: NetName=NetC12_1 Pin=U5-3
Added Pin To Net: NetName=GND Pin=U5-4
Added Pin To Net: NetName=CH13 Pin=U5-5
Added Pin To Net: NetName=GND Pin=U5-6
Added Pin To Net: NetName=-5 Pin=U5-7
Added Pin To Net: NetName=GND Pin=U5-8
Added Pin To Net: NetName=IN_C Pin=U5-9
Added Pin To Net: NetName=IN_B Pin=U5-10
Added Pin To Net: NetName=IN_A Pin=U5-11
Added Pin To Net: NetName=CH11 Pin=U5-12
Added Pin To Net: NetName=CH8 Pin=U5-13
Added Pin To Net: NetName=CH9 Pin=U5-14
Added Pin To Net: NetName=CH10 Pin=U5-15
Added Pin To Net: NetName=+5 Pin=U5-16
Added Pin To Net: NetName=CH19 Pin=U6-1
Added Pin To Net: NetName=GND Pin=U6-2
Added Pin To Net: NetName=NetC13_1 Pin=U6-3
Added Pin To Net: NetName=GND Pin=U6-4
Added Pin To Net: NetName=CH20 Pin=U6-5
Added Pin To Net: NetName=GND Pin=U6-6
Added Pin To Net: NetName=-5 Pin=U6-7
Added Pin To Net: NetName=GND Pin=U6-8
Added Pin To Net: NetName=IN_C Pin=U6-9
Added Pin To Net: NetName=IN_B Pin=U6-10
Added Pin To Net: NetName=IN_A Pin=U6-11
Added Pin To Net: NetName=CH18 Pin=U6-12
Added Pin To Net: NetName=CH15 Pin=U6-13
Added Pin To Net: NetName=CH16 Pin=U6-14
Added Pin To Net: NetName=CH17 Pin=U6-15
Added Pin To Net: NetName=+5 Pin=U6-16
Added Member To Class: ClassName=Circuito Member=Component U4 CD4051
Added Member To Class: ClassName=Circuito Member=Component U5 CD4051
Added Member To Class: ClassName=Circuito Member=Component U6 CD4051
