Added Component: Designator=J3(SIP20*2)
Added Pin To Net: NetName=CH20 Pin=J3-1
Added Pin To Net: NetName=CH19 Pin=J3-2
Added Pin To Net: NetName=CH18 Pin=J3-3
Added Pin To Net: NetName=CH17 Pin=J3-4
Added Pin To Net: NetName=CH16 Pin=J3-5
Added Pin To Net: NetName=CH15 Pin=J3-6
Added Pin To Net: NetName=CH14 Pin=J3-7
Added Pin To Net: NetName=CH13 Pin=J3-8
Added Pin To Net: NetName=CH12 Pin=J3-9
Added Pin To Net: NetName=CH11 Pin=J3-10
Added Pin To Net: NetName=CH10 Pin=J3-11
Added Pin To Net: NetName=CH9 Pin=J3-12
Added Pin To Net: NetName=CH8 Pin=J3-13
Added Pin To Net: NetName=CH7 Pin=J3-14
Added Pin To Net: NetName=CH6 Pin=J3-15
Added Pin To Net: NetName=CH5 Pin=J3-16
Added Pin To Net: NetName=CH4 Pin=J3-17
Added Pin To Net: NetName=CH3 Pin=J3-18
Added Pin To Net: NetName=CH2 Pin=J3-19
Added Pin To Net: NetName=CH1 Pin=J3-20
Added Pin To Net: NetName=-5 Pin=J3-21
Added Pin To Net: NetName=-5 Pin=J3-22
Added Pin To Net: NetName=-5 Pin=J3-23
Added Pin To Net: NetName=-5 Pin=J3-24
Added Pin To Net: NetName=-5 Pin=J3-25
Added Pin To Net: NetName=-5 Pin=J3-26
Added Pin To Net: NetName=-5 Pin=J3-27
Added Pin To Net: NetName=-5 Pin=J3-28
Added Pin To Net: NetName=-5 Pin=J3-29
Added Pin To Net: NetName=-5 Pin=J3-30
Added Pin To Net: NetName=-5 Pin=J3-31
Added Pin To Net: NetName=-5 Pin=J3-32
Added Pin To Net: NetName=-5 Pin=J3-33
Added Pin To Net: NetName=-5 Pin=J3-34
Added Pin To Net: NetName=-5 Pin=J3-35
Added Pin To Net: NetName=-5 Pin=J3-36
Added Pin To Net: NetName=-5 Pin=J3-37
Added Pin To Net: NetName=-5 Pin=J3-38
Added Pin To Net: NetName=-5 Pin=J3-39
Added Pin To Net: NetName=-5 Pin=J3-40
Added Member To Class: ClassName=Circuito Member=Component C5 100n
Added Member To Class: ClassName=Circuito Member=Component C6 100n
Added Member To Class: ClassName=Circuito Member=Component C7 100n
Added Member To Class: ClassName=Circuito Member=Component C8 100n
Added Member To Class: ClassName=Circuito Member=Component C9 100n
Added Member To Class: ClassName=Circuito Member=Component C10 100n
Added Member To Class: ClassName=Circuito Member=Component C11 1n
Added Member To Class: ClassName=Circuito Member=Component C12 1n
Added Member To Class: ClassName=Circuito Member=Component C13 1n
Added Member To Class: ClassName=Circuito Member=Component J3 CON20*2
Added Member To Class: ClassName=Circuito Member=Component R1 1k
Added Member To Class: ClassName=Circuito Member=Component R2 1k
Added Member To Class: ClassName=Circuito Member=Component R3 1k
Added Member To Class: ClassName=Circuito Member=Component U3 TL084
Added Member To Class: ClassName=Circuito Member=Component U4 CD4051
Added Member To Class: ClassName=Circuito Member=Component U5 CD4051
Added Member To Class: ClassName=Circuito Member=Component U6 CD4051
