Added Component: Designator=C5(0805)
Added Component: Designator=C6(0805)
Added Component: Designator=C7(0805)
Added Component: Designator=C8(0805)
Added Component: Designator=C9(0805)
Added Component: Designator=C10(0805)
Added Component: Designator=C11(0805)
Added Component: Designator=C12(0805)
Added Component: Designator=C13(0805)
Added Component: Designator=R1(0805)
Added Component: Designator=R2(0805)
Added Component: Designator=R3(0805)
Added Pin To Net: NetName=-5 Pin=C5-1
Added Pin To Net: NetName=GND Pin=C5-2
Added Pin To Net: NetName=+5 Pin=C6-1
Added Pin To Net: NetName=GND Pin=C6-2
Added Pin To Net: NetName=-5 Pin=C7-1
Added Pin To Net: NetName=GND Pin=C7-2
Added Pin To Net: NetName=+5 Pin=C8-1
Added Pin To Net: NetName=GND Pin=C8-2
Added Pin To Net: NetName=-5 Pin=C9-1
Added Pin To Net: NetName=GND Pin=C9-2
Added Pin To Net: NetName=+5 Pin=C10-1
Added Pin To Net: NetName=GND Pin=C10-2
Added Pin To Net: NetName=NetC11_1 Pin=C11-1
Added Pin To Net: NetName=ADC1 Pin=C11-2
Added Pin To Net: NetName=NetC12_1 Pin=C12-1
Added Pin To Net: NetName=ADC2 Pin=C12-2
Added Pin To Net: NetName=NetC13_1 Pin=C13-1
Added Pin To Net: NetName=ADC3 Pin=C13-2
Added Pin To Net: NetName=ADC1 Pin=R1-1
Added Pin To Net: NetName=NetC11_1 Pin=R1-2
Added Pin To Net: NetName=ADC2 Pin=R2-1
Added Pin To Net: NetName=NetC12_1 Pin=R2-2
Added Pin To Net: NetName=ADC3 Pin=R3-1
Added Pin To Net: NetName=NetC13_1 Pin=R3-2
Added Member To Class: ClassName=Circuito Member=Component C5 100n
Added Member To Class: ClassName=Circuito Member=Component C6 100n
Added Member To Class: ClassName=Circuito Member=Component C7 100n
Added Member To Class: ClassName=Circuito Member=Component C8 100n
Added Member To Class: ClassName=Circuito Member=Component C9 100n
Added Member To Class: ClassName=Circuito Member=Component C10 100n
Added Member To Class: ClassName=Circuito Member=Component C11 1n
Added Member To Class: ClassName=Circuito Member=Component C12 1n
Added Member To Class: ClassName=Circuito Member=Component C13 1n
Added Member To Class: ClassName=Circuito Member=Component R1 1k
Added Member To Class: ClassName=Circuito Member=Component R2 1k
Added Member To Class: ClassName=Circuito Member=Component R3 1k
